******************************************************************************
                  TI ARM Linker PC v18.12.1                    
******************************************************************************
>> Linked Tue May 28 18:12:51 2019

OUTPUT FILE NAME:   <blinkydaelt.out>
ENTRY POINT SYMBOL: "_c_int00_noargs"  address: 000024a5


MEMORY CONFIGURATION

         name            origin    length      used     unused   attr    fill
----------------------  --------  ---------  --------  --------  ----  --------
  FLASH                 00000000   00040000  00002922  0003d6de  R  X
  SRAM                  20000000   00008000  00000214  00007dec  RW X


SEGMENT ALLOCATION MAP

run origin  load origin   length   init length attrs members
----------  ----------- ---------- ----------- ----- -------
00000000    00000000    00002928   00002928    r-x
  00000000    00000000    0000026c   0000026c    r-- .intvecs
  0000026c    0000026c    0000242a   0000242a    r-x .text
  00002698    00002698    0000026c   0000026c    r-- .const
  00002908    00002908    00000020   00000020    r-- .cinit
20000000    20000000    00000214   00000000    rw-
  20000000    20000000    00000200   00000000    rw- .stack
  20000200    20000200    00000014   00000000    rw- .data


SECTION ALLOCATION MAP

 output                                  attributes/
section   page    origin      length       input sections
--------  ----  ----------  ----------   ----------------
.intvecs   0    00000000    0000026c     
                  00000000    0000026c     startup_ccs.obj (.intvecs)

.text      0    0000026c    0000242a     
                  0000026c    00000738     rtsv7M4_T_le_v4SPD16_eabi.lib : k_rem_pio2.c.obj (.text:__kernel_rem_pio2)
                  000009a4    000005c4                                   : s_sin.c.obj (.text:sin)
                  00000f68    000001ea     uartstdio.obj (.text:UARTvprintf)
                  00001152    000001b6     rtsv7M4_T_le_v4SPD16_eabi.lib : fd_add_t2.asm.obj (.text)
                  00001308    00000174                                   : k_sin.c.obj (.text:__kernel_sin)
                  0000147c    0000016c                                   : k_cos.c.obj (.text:__kernel_cos)
                  000015e8    00000158     arquivo_padrao_daelt.obj (.text:teste_pwm)
                  00001740    00000132     driverlib.lib : gpio.obj (.text:GPIOPadConfigSet)
                  00001872    00000002     startup_ccs.obj (.text:FaultISR)
                  00001874    00000110     driverlib.lib : sysctl.obj (.text:SysCtlClockGet)
                  00001984    00000110     rtsv7M4_T_le_v4SPD16_eabi.lib : s_scalbn.c.obj (.text:scalbn)
                  00001a94    000000fc                                   : fd_mul_t2.asm.obj (.text)
                  00001b90    000000f8                                   : s_floor.c.obj (.text:floor)
                  00001c88    000000f4     driverlib.lib : sysctl.obj (.text:SysCtlClockSet)
                  00001d7c    000000c0     arquivo_padrao_daelt.obj (.text:Init_PWM)
                  00001e3c    0000009c     rtsv7M4_T_le_v4SPD16_eabi.lib : memcpy_t2.asm.obj (.text)
                  00001ed8    00000088     daelttiva.obj (.text:init_leds)
                  00001f60    00000086     rtsv7M4_T_le_v4SPD16_eabi.lib : fd_cmp_t2.asm.obj (.text:__aeabi_cdcmple)
                  00001fe6    00000086                                   : fd_cmp_t2.asm.obj (.text:__aeabi_cdrcmple)
                  0000206c    00000070     arquivo_padrao_daelt.obj (.text:main)
                  000020dc    0000006e     rtsv7M4_T_le_v4SPD16_eabi.lib : fd_tos_t2.asm.obj (.text)
                  0000214a    00000068                                   : copy_decompress_lzss.c.obj (.text:decompress:lzss:__TI_decompress_lzss)
                  000021b2    00000002     startup_ccs.obj (.text:IntDefaultHandler)
                  000021b4    00000060     uartstdio.obj (.text:UARTStdioConfig)
                  00002214    0000004c     daelttiva.obj (.text:ConfigureUART)
                  00002260    00000048     driverlib.lib : gpio.obj (.text:GPIOPinConfigure)
                  000022a8    00000048     uartstdio.obj (.text:UARTwrite)
                  000022f0    00000048     rtsv7M4_T_le_v4SPD16_eabi.lib : fd_toi_t2.asm.obj (.text)
                  00002338    00000044                                   : autoinit.c.obj (.text:__TI_auto_init_nobinit_nopinit:__TI_auto_init_nobinit_nopinit)
                  0000237c    00000044                                   : fd_tou_t2.asm.obj (.text)
                  000023c0    00000040                                   : u_divt2.asm.obj (.text)
                  00002400    00000038     driverlib.lib : sysctl.obj (.text:SysCtlPeripheralReady)
                  00002438    00000038     rtsv7M4_T_le_v4SPD16_eabi.lib : fs_tod_t2.asm.obj (.text)
                  00002470    00000034     driverlib.lib : sysctl.obj (.text:SysCtlPeripheralEnable)
                  000024a4    00000034     rtsv7M4_T_le_v4SPD16_eabi.lib : boot_cortex_m.c.obj (.text:_c_int00_noargs:_c_int00_noargs)
                  000024d8    0000002e                                   : i_tofd_t2.asm.obj (.text)
                  00002506    0000002a     driverlib.lib : gpio.obj (.text:GPIODirModeSet)
                  00002530    00000022                   : pwm.obj (.text:PWMGenConfigure)
                  00002552    00000020     rtsv7M4_T_le_v4SPD16_eabi.lib : u_tofd_t2.asm.obj (.text)
                  00002572    0000001e     driverlib.lib : pwm.obj (.text:PWMPulseWidthSet)
                  00002590    0000001a     uartstdio.obj (.text:UARTprintf)
                  000025aa    0000001a     rtsv7M4_T_le_v4SPD16_eabi.lib : s_copysign.c.obj (.text:copysign)
                  000025c4    0000001a     arquivo_padrao_daelt.obj (.text:delay_ms)
                  000025de    00000018     driverlib.lib : gpio.obj (.text:GPIOPinTypeGPIOOutput)
                  000025f6    00000002     startup_ccs.obj (.text:NmiSR)
                  000025f8    00000014     driverlib.lib : sysctl.obj (.text:SysCtlPWMClockSet)
                  0000260c    00000012                   : gpio.obj (.text:GPIOPinTypePWM)
                  0000261e    00000012                   : gpio.obj (.text:GPIOPinTypeUART)
                  00002630    00000012                   : pwm.obj (.text:PWMOutputState)
                  00002642    00000010                   : pwm.obj (.text:PWMGenPeriodSet)
                  00002652    0000000e     rtsv7M4_T_le_v4SPD16_eabi.lib : copy_decompress_none.c.obj (.text:decompress:none:__TI_decompress_none)
                  00002660    0000000c     driverlib.lib : pwm.obj (.text:PWMGenEnable)
                  0000266c    00000008     rtsv7M4_T_le_v4SPD16_eabi.lib : errno.c.obj (.text:__aeabi_errno_addr)
                  00002674    00000006     driverlib.lib : gpio.obj (.text:GPIOPinWrite)
                  0000267a    00000006     startup_ccs.obj (.text:ResetISR)
                  00002680    00000006     driverlib.lib : sysctl.obj (.text:SysCtlDelay)
                  00002686    00000006                   : uart.obj (.text:UARTClockSourceSet)
                  0000268c    00000004     rtsv7M4_T_le_v4SPD16_eabi.lib : pre_init.c.obj (.text:_system_pre_init)
                  00002690    00000004                                   : exit.c.obj (.text:abort:abort)
                  00002694    00000002                                   : div0.asm.obj (.text)

.const     0    00002698    0000026c     
                  00002698    00000158     rtsv7M4_T_le_v4SPD16_eabi.lib : k_rem_pio2.c.obj (.const:$O1$$)
                  000027f0    00000090     driverlib.lib : gpio.obj (.const:g_pui32GPIOBaseAddrs)
                  00002880    0000006c                   : sysctl.obj (.const:g_pui32Xtals)
                  000028ec    0000000c     uartstdio.obj (.const:g_ui32UARTBase)
                  000028f8    0000000c     uartstdio.obj (.const:g_ui32UARTPeriph)

.cinit     0    00002908    00000020     
                  00002908    0000000d     (.cinit..data.load) [load image, compression = lzss]
                  00002915    00000003     --HOLE-- [fill = 0]
                  00002918    00000008     (__TI_handler_table)
                  00002920    00000008     (__TI_cinit_table)

.init_array 
*          0    00000000    00000000     UNINITIALIZED

.data      0    20000200    00000014     UNINITIALIZED
                  20000200    00000008     arquivo_padrao_daelt.obj (.data)
                  20000208    00000005     uartstdio.obj (.data)
                  2000020d    00000003     --HOLE--
                  20000210    00000004     rtsv7M4_T_le_v4SPD16_eabi.lib : errno.c.obj (.data)

.stack     0    20000000    00000200     UNINITIALIZED
                  20000000    00000004     rtsv7M4_T_le_v4SPD16_eabi.lib : boot_cortex_m.c.obj (.stack)
                  20000004    000001fc     --HOLE--

MODULE SUMMARY

       Module                       code   ro data   rw data
       ------                       ----   -------   -------
    .\
       arquivo_padrao_daelt.obj     674    0         8      
       startup_ccs.obj              12     620       0      
    +--+----------------------------+------+---------+---------+
       Total:                       686    620       8      
                                                            
    .\daelttiva\
       uartstdio.obj                684    24        5      
       daelttiva.obj                212    0         0      
    +--+----------------------------+------+---------+---------+
       Total:                       896    24        5      
                                                            
    C:/ti/tivaware_c_series_2_1_4_178/driverlib/ccs/Debug/driverlib.lib
       sysctl.obj                   650    108       0      
       gpio.obj                     486    144       0      
       pwm.obj                      110    0         0      
       uart.obj                     6      0         0      
    +--+----------------------------+------+---------+---------+
       Total:                       1252   252       0      
                                                            
    C:\ti\ccs901\ccs\tools\compiler\ti-cgt-arm_18.12.1.LTS\lib\rtsv7M4_T_le_v4SPD16_eabi.lib
       k_rem_pio2.c.obj             1848   344       0      
       s_sin.c.obj                  1476   0         0      
       fd_add_t2.asm.obj            438    0         0      
       k_sin.c.obj                  372    0         0      
       k_cos.c.obj                  364    0         0      
       s_scalbn.c.obj               272    0         0      
       fd_cmp_t2.asm.obj            268    0         0      
       fd_mul_t2.asm.obj            252    0         0      
       s_floor.c.obj                248    0         0      
       memcpy_t2.asm.obj            156    0         0      
       fd_tos_t2.asm.obj            110    0         0      
       copy_decompress_lzss.c.obj   104    0         0      
       fd_toi_t2.asm.obj            72     0         0      
       autoinit.c.obj               68     0         0      
       fd_tou_t2.asm.obj            68     0         0      
       u_divt2.asm.obj              64     0         0      
       fs_tod_t2.asm.obj            56     0         0      
       boot_cortex_m.c.obj          52     0         0      
       i_tofd_t2.asm.obj            46     0         0      
       u_tofd_t2.asm.obj            32     0         0      
       s_copysign.c.obj             26     0         0      
       copy_decompress_none.c.obj   14     0         0      
       errno.c.obj                  8      0         4      
       exit.c.obj                   4      0         0      
       pre_init.c.obj               4      0         0      
       div0.asm.obj                 2      0         0      
    +--+----------------------------+------+---------+---------+
       Total:                       6424   344       4      
                                                            
       Stack:                       0      0         512    
       Linker Generated:            0      29        0      
    +--+----------------------------+------+---------+---------+
       Grand Total:                 9258   1269      529    


LINKER GENERATED COPY TABLES

__TI_cinit_table @ 00002920 records: 1, size/record: 8, table size: 8
	.data: load addr=00002908, load size=0000000d bytes, run addr=20000200, run size=00000014 bytes, compression=lzss


LINKER GENERATED HANDLER TABLE

__TI_handler_table @ 00002918 records: 2, size/record: 4, table size: 8
	index: 0, handler: __TI_decompress_lzss
	index: 1, handler: __TI_decompress_none


GLOBAL SYMBOLS: SORTED ALPHABETICALLY BY Name 

address   name                          
-------   ----                          
00002691  C$$EXIT                       
00002215  ConfigureUART                 
00002507  GPIODirModeSet                
00001741  GPIOPadConfigSet              
00002261  GPIOPinConfigure              
000025df  GPIOPinTypeGPIOOutput         
0000260d  GPIOPinTypePWM                
0000261f  GPIOPinTypeUART               
00002675  GPIOPinWrite                  
00001d7d  Init_PWM                      
00002531  PWMGenConfigure               
00002661  PWMGenEnable                  
00002643  PWMGenPeriodSet               
00002631  PWMOutputState                
00002573  PWMPulseWidthSet              
0000267b  ResetISR                      
00001875  SysCtlClockGet                
00001c89  SysCtlClockSet                
00002681  SysCtlDelay                   
000025f9  SysCtlPWMClockSet             
00002471  SysCtlPeripheralEnable        
00002401  SysCtlPeripheralReady         
00002687  UARTClockSourceSet            
000021b5  UARTStdioConfig               
00002591  UARTprintf                    
00000f69  UARTvprintf                   
000022a9  UARTwrite                     
20000200  __STACK_END                   
00000200  __STACK_SIZE                  
20000200  __STACK_TOP                   
00002920  __TI_CINIT_Base               
00002928  __TI_CINIT_Limit              
00002918  __TI_Handler_Table_Base       
00002920  __TI_Handler_Table_Limit      
00002339  __TI_auto_init_nobinit_nopinit
0000214b  __TI_decompress_lzss          
00002653  __TI_decompress_none          
ffffffff  __TI_pprof_out_hndl           
ffffffff  __TI_prof_data_size           
ffffffff  __TI_prof_data_start          
00000000  __TI_static_base__            
00001f61  __aeabi_cdcmpeq               
00001f61  __aeabi_cdcmple               
00001fe7  __aeabi_cdrcmple              
000020dd  __aeabi_d2f                   
000022f1  __aeabi_d2iz                  
0000237d  __aeabi_d2uiz                 
0000115d  __aeabi_dadd                  
00001a95  __aeabi_dmul                  
00001153  __aeabi_dsub                  
0000266d  __aeabi_errno_addr            
00002439  __aeabi_f2d                   
000024d9  __aeabi_i2d                   
00002695  __aeabi_idiv0                 
00002695  __aeabi_ldiv0                 
00001e3d  __aeabi_memcpy                
00001e3d  __aeabi_memcpy4               
00001e3d  __aeabi_memcpy8               
00002553  __aeabi_ui2d                  
000023c1  __aeabi_uidiv                 
000023c1  __aeabi_uidivmod              
ffffffff  __binit__                     
ffffffff  __c_args__                    
0000147d  __kernel_cos                  
0000026d  __kernel_rem_pio2             
00001309  __kernel_sin                  
UNDEFED   __mpu_init                    
20000000  __stack                       
000024a5  _c_int00_noargs               
UNDEFED   _system_post_cinit            
0000268d  _system_pre_init              
00002691  abort                         
ffffffff  binit                         
000025ab  copysign                      
000025ab  copysignl                     
000025c5  delay_ms                      
20000210  errno                         
00001b91  floor                         
00001b91  floorl                        
00000000  g_pfnVectors                  
00001ed9  init_leds                     
00001985  ldexp                         
00001985  ldexpl                        
0000206d  main                          
00001e3d  memcpy                        
20000204  periodo                       
00001985  scalbn                        
00001985  scalbnl                       
000009a5  sin                           
000009a5  sinl                          
000015e9  teste_pwm                     
20000200  x                             


GLOBAL SYMBOLS: SORTED BY Symbol Address 

address   name                          
-------   ----                          
00000000  __TI_static_base__            
00000000  g_pfnVectors                  
00000200  __STACK_SIZE                  
0000026d  __kernel_rem_pio2             
000009a5  sin                           
000009a5  sinl                          
00000f69  UARTvprintf                   
00001153  __aeabi_dsub                  
0000115d  __aeabi_dadd                  
00001309  __kernel_sin                  
0000147d  __kernel_cos                  
000015e9  teste_pwm                     
00001741  GPIOPadConfigSet              
00001875  SysCtlClockGet                
00001985  ldexp                         
00001985  ldexpl                        
00001985  scalbn                        
00001985  scalbnl                       
00001a95  __aeabi_dmul                  
00001b91  floor                         
00001b91  floorl                        
00001c89  SysCtlClockSet                
00001d7d  Init_PWM                      
00001e3d  __aeabi_memcpy                
00001e3d  __aeabi_memcpy4               
00001e3d  __aeabi_memcpy8               
00001e3d  memcpy                        
00001ed9  init_leds                     
00001f61  __aeabi_cdcmpeq               
00001f61  __aeabi_cdcmple               
00001fe7  __aeabi_cdrcmple              
0000206d  main                          
000020dd  __aeabi_d2f                   
0000214b  __TI_decompress_lzss          
000021b5  UARTStdioConfig               
00002215  ConfigureUART                 
00002261  GPIOPinConfigure              
000022a9  UARTwrite                     
000022f1  __aeabi_d2iz                  
00002339  __TI_auto_init_nobinit_nopinit
0000237d  __aeabi_d2uiz                 
000023c1  __aeabi_uidiv                 
000023c1  __aeabi_uidivmod              
00002401  SysCtlPeripheralReady         
00002439  __aeabi_f2d                   
00002471  SysCtlPeripheralEnable        
000024a5  _c_int00_noargs               
000024d9  __aeabi_i2d                   
00002507  GPIODirModeSet                
00002531  PWMGenConfigure               
00002553  __aeabi_ui2d                  
00002573  PWMPulseWidthSet              
00002591  UARTprintf                    
000025ab  copysign                      
000025ab  copysignl                     
000025c5  delay_ms                      
000025df  GPIOPinTypeGPIOOutput         
000025f9  SysCtlPWMClockSet             
0000260d  GPIOPinTypePWM                
0000261f  GPIOPinTypeUART               
00002631  PWMOutputState                
00002643  PWMGenPeriodSet               
00002653  __TI_decompress_none          
00002661  PWMGenEnable                  
0000266d  __aeabi_errno_addr            
00002675  GPIOPinWrite                  
0000267b  ResetISR                      
00002681  SysCtlDelay                   
00002687  UARTClockSourceSet            
0000268d  _system_pre_init              
00002691  C$$EXIT                       
00002691  abort                         
00002695  __aeabi_idiv0                 
00002695  __aeabi_ldiv0                 
00002918  __TI_Handler_Table_Base       
00002920  __TI_CINIT_Base               
00002920  __TI_Handler_Table_Limit      
00002928  __TI_CINIT_Limit              
20000000  __stack                       
20000200  __STACK_END                   
20000200  __STACK_TOP                   
20000200  x                             
20000204  periodo                       
20000210  errno                         
ffffffff  __TI_pprof_out_hndl           
ffffffff  __TI_prof_data_size           
ffffffff  __TI_prof_data_start          
ffffffff  __binit__                     
ffffffff  __c_args__                    
ffffffff  binit                         
UNDEFED   __mpu_init                    
UNDEFED   _system_post_cinit            

[92 symbols]
